IP Upgrade report for Mario
Mon Sep 30 21:13:15 2024
Quartus Prime Version 17.1.0 Build 590 10/25/2017 SJ Lite Edition


---------------------
; Table of Contents ;
---------------------
  1. Legal Notice
  2. IP Upgrade Summary
  3. Successfully Upgraded IP Components
  4. Failed Upgrade IP Components
  5. IP Upgrade Messages



----------------
; Legal Notice ;
----------------
Copyright (C) 2017  Intel Corporation. All rights reserved.
Your use of Intel Corporation's design tools, logic functions 
and other software and tools, and its AMPP partner logic 
functions, and any output files from any of the foregoing 
(including device programming or simulation files), and any 
associated documentation or information are expressly subject 
to the terms and conditions of the Intel Program License 
Subscription Agreement, the Intel Quartus Prime License Agreement,
the Intel FPGA IP License Agreement, or other applicable license
agreement, including, without limitation, that your use is for
the sole purpose of programming logic devices manufactured by
Intel and sold by Intel or its authorized distributors.  Please
refer to the applicable agreement for further details.



+----------------------------------------------------------------------------+
; IP Upgrade Summary                                                         ;
+------------------------------+---------------------------------------------+
; IP Components Upgrade Status ; Failed - Mon Sep 30 21:13:15 2024           ;
; Quartus Prime Version        ; 17.1.0 Build 590 10/25/2017 SJ Lite Edition ;
; Revision Name                ; Mario                                       ;
; Top-level Entity Name        ; DE10_LITE_Golden_Top                        ;
; Family                       ; MAX 10                                      ;
+------------------------------+---------------------------------------------+


+------------------------------------------------------------------------------------------------------------------+
; Successfully Upgraded IP Components                                                                              ;
+-------------+----------------+---------+----------------------+----------------------+-----------------+---------+
; Entity Name ; Component Name ; Version ; Original Source File ; Generation File Path ; New Source File ; Message ;
+-------------+----------------+---------+----------------------+----------------------+-----------------+---------+
; lab8_soc    ; Qsys           ; N/A     ; lab8_soc.qsys        ; lab8_soc.qsys        ;                 ;         ;
+-------------+----------------+---------+----------------------+----------------------+-----------------+---------+


+----------------------------------------------------------------------------------------------------------------------------------------------------+
; Failed Upgrade IP Components                                                                                                                       ;
+-------------+----------------+---------+----------------------+----------------------+-----------------+-------------------------------------------+
; Entity Name ; Component Name ; Version ; Original Source File ; Generation File Path ; New Source File ; Message                                   ;
+-------------+----------------+---------+----------------------+----------------------+-----------------+-------------------------------------------+
; vga_clk     ; ALTPLL         ; 15.0    ; vga_clk.qip          ; vga_clk.v            ;                 ; Error upgrading IP component "vga_clk.v". ;
+-------------+----------------+---------+----------------------+----------------------+-----------------+-------------------------------------------+


+---------------------+
; IP Upgrade Messages ;
+---------------------+
Info (11902): Backing up file "lab8_soc.qsys" to "lab8_soc.BAK.qsys"
Info (11837): Started upgrading IP component Qsys with file "lab8_soc.qsys"
Info: 2024.09.30.21:13:12 Info: Starting to upgrade the IP cores in the Platform Designer system
Info: 2024.09.30.21:13:12 Info: Finished upgrading the ip cores
Info (11902): Backing up file "vga_clk.v" to "vga_clk.BAK.v"
Info (11837): Started upgrading IP component ALTPLL with file "vga_clk.v"
Info (11904): Restoring file "vga_clk.BAK.v" to "vga_clk.v"
Error (14921): Error upgrading IP component "vga_clk.v".
Info (11131): Completed upgrading IP component Qsys with file "lab8_soc.qsys"
Error (11133): IP component ALTPLL with file "vga_clk.v" upgrade failed
Error (11889): IP component upgrade failed
Error (23031): Evaluation of Tcl script c:/intelfpga_lite/17.1/quartus/common/tcl/internal/ip_regen/ip_regen.tcl unsuccessful
Error: Quartus Prime Shell was unsuccessful. 4 errors, 0 warnings
    Error: Peak virtual memory: 4859 megabytes
    Error: Processing ended: Mon Sep 30 21:13:15 2024
    Error: Elapsed time: 00:00:28
    Error: Total CPU time (on all processors): 00:00:56


